===== "Check the existence of <SID>(count) in each mode"
TEST: maparg(_, 'c') != ''  ==>  0 ... ok
TEST: maparg(_, 'i') != ''  ==>  0 ... ok
TEST: maparg(_, 'n') != ''  ==>  1 ... ok
TEST: maparg(_, 'o') != ''  ==>  0 ... ok
TEST: maparg(_, 'v') != ''  ==>  1 ... ok
Result: 5 / 5

===== DefineOperator _  TestOperatorFunction1
TEST: maparg('_', 'c') != ''  ==>  0 ... ok
TEST: maparg('_', 'i') != ''  ==>  0 ... ok
TEST: maparg('_', 'n') != ''  ==>  1 ... ok
TEST: maparg('_', 'o') != ''  ==>  1 ... ok
TEST: maparg('_', 'v') != ''  ==>  1 ... ok
TEST: maparg('_', 'n') =~# '\<TestOperatorFunction1\>'  ==>  1 ... ok
TEST: maparg('_', 'o') == 'g@'  ==>  1 ... ok
TEST: maparg('_', 'v') =~# '\<TestOperatorFunction1\>'  ==>  1 ... ok
TEST: getline('.', line('.')+4)  ==>  ['a', 'a', 'e', 'm', 'n'] ... ok
TEST: getline('.', line('.')+4)  ==>  ['a', 'i', 'l', 'r', 'v'] ... ok
TEST: getline('.', line('.')+4)  ==>  ['a', 'e', 'g', 'n', 's'] ... ok
Result: 11 / 11

===== "FIXME: {extra} sample"
Result: 0 / 0

===== "FIXME: With script-local function"
Result: 0 / 0

===== Total
Result: 16 / 16
